// Jest Snapshot v1, https://goo.gl/fbAQLP

exports[`renders correctly 1`] = `
<header
  className="flex flex-row justify-around"
>
  <button
    className="p-2 bg-white border border-black text-black rounded-md hover:bg-gray-300"
    onClick={[Function]}
  >
    previous
  </button>
  <div
    data-testid="current-month-name"
  >
    January
  </div>
  <button
    className="p-2 bg-white border border-black text-black rounded-md hover:bg-gray-300"
    onClick={[Function]}
  >
    next
  </button>
</header>
`;
